
> samawritten@0.1.0 build
> next build

ΓÜá Warning: Next.js inferred your workspace root, but it may not be correct.
 We detected multiple lockfiles and selected the directory of C:\Users\11ara\package-lock.json as the root directory.
 To silence this warning, set `turbopack.root` in your Next.js config, or consider removing one of the lockfiles if it's not needed.
   See https://nextjs.org/docs/app/api-reference/config/next-config-js/turbopack#root-directory for more information.
 Detected additional lockfiles: 
   * C:\Users\11ara\github\samawritten\package-lock.json

Γû▓ Next.js 16.2.1 (Turbopack)

  Creating an optimized production build ...
Γ£ô Compiled successfully in 2.9s
  Running TypeScript ...
Failed to type check.

./app/page.tsx:12:13
Type error: Argument of type '() => () => HTMLStyleElement' is not assignable to parameter of type 'EffectCallback'.
  Type '() => HTMLStyleElement' is not assignable to type 'void | Destructor'.
    Type '() => HTMLStyleElement' is not assignable to type 'Destructor'.
      Type 'HTMLStyleElement' is not assignable to type 'void | { [UNDEFINED_VOID_ONLY]: never; }'.

  10 |   useReveal();
  11 |
> 12 |   useEffect(() => {
     |             ^
  13 |     const style = document.createElement("style");
  14 |     style.textContent = GLOBAL_CSS;
  15 |     document.head.appendChild(style);
Next.js build worker exited with code: 1 and signal: null
